[technologysolutionsusa.net/index.html]
[backblue.gif]
[fade.gif]
[index.html]
[technologysolutionsusa.net/css/bootstrap.min.css]
[technologysolutionsusa.net/css/bootstrap-icons.css]
[technologysolutionsusa.net/css/magnific-popup.css]
[technologysolutionsusa.net/css/tooplate-waso-strategy.css]
[technologysolutionsusa.net/images/slide/christina-wocintechchat-com-NDoVgcS_lZM-unsplash.jpg]
[technologysolutionsusa.net/images/slide/jason-goodman-0K7GgiA8lVE-unsplash.jpg]
[technologysolutionsusa.net/images/peter-jones-WZROBIlY8Rg-unsplash.jpg]
[technologysolutionsusa.net/images/services/young-entrepreneurs-mature-investor-watching-presentation-discussing-project.jpg]
[technologysolutionsusa.net/images/services/startup-leader-drawing-flowchart-board-discussing-project.jpg]
[technologysolutionsusa.net/images/services/portrait-smiling-african-american-young-woman-holding-movie-production-blackboard.jpg]
[technologysolutionsusa.net/project-detail.html]
[technologysolutionsusa.net/images/projects/pj-gal-szabo-CIXXIWxxec4-unsplash.jpg]
[technologysolutionsusa.net/images/projects/team-fredi-FN3vmVee2sI-unsplash.jpg]
[technologysolutionsusa.net/images/projects/vmsign-x9yGe7wnvKQ-unsplash.jpg]
[technologysolutionsusa.net/images/projects/evangeline-shaw-nwLTVwb7DbU-unsplash.jpg]
[technologysolutionsusa.net/images/projects/tangerine-newt-AKH4OVEmILc-unsplash.jpg]
[technologysolutionsusa.net/js/jquery.min.js]
[technologysolutionsusa.net/js/bootstrap.min.js]
[technologysolutionsusa.net/js/jquery.sticky.js]
[technologysolutionsusa.net/js/jquery.magnific-popup.min.js]
[technologysolutionsusa.net/js/magnific-popup-options.js]
[technologysolutionsusa.net/js/click-scroll.js]
[technologysolutionsusa.net/js/custom.js]
[technologysolutionsusa.net/index.html]
[technologysolutionsusa.net/css/bootstrap.min.css]
[technologysolutionsusa.net/fonts/bootstrap-iconsf114.woff2]
[technologysolutionsusa.net/fonts/bootstrap-iconsf114.woff]
[technologysolutionsusa.net/css/bootstrap-icons.css]
[technologysolutionsusa.net/css/magnific-popup.css]
[technologysolutionsusa.net/images/jason-goodman-MUZFKa_mttU-unsplash.jpg]
[technologysolutionsusa.net/css/tooplate-waso-strategy.css]
[technologysolutionsusa.net/index-2.html]
[technologysolutionsusa.net/images/projects/elena-baidak-pz69kY0UQuQ-unsplash.jpg]
[technologysolutionsusa.net/project-detail.html]
[technologysolutionsusa.net/index-2.html]
